# Redis HGET command examples

# Set some has fields usign HSET
127.0.0.1:6379> hset customer:99:address street "2855 W 76 Country Blvd" city Branson state Mississippi zip 65616 country "United States"
(integer) 5

# Check zip field of the hash
127.0.0.1:6379> hget customer:99:address zip
"65616"

# Check state field of the hash
127.0.0.1:6379> hget customer:99:address state
"Mississippi"

# Try to get value of a field that does not exist
# We get (nil)
127.0.0.1:6379> hget customer:99:address nonexistingfield
(nil)

# Try to get field value from a non existing hash
# We get (nil)
127.0.0.1:6379> hget nonexistinghash somefield
(nil)

# Set a string value
127.0.0.1:6379> set bigboxstr "some string in the box"
OK

# Try to use the HGET on a string type of key
# We get an error
127.0.0.1:6379> hget bigboxstr somefield
(error) WRONGTYPE Operation against a key holding the wrong kind of value
